#-----------------------------------------------------------
# Vivado v2023.1 (64-bit)
# SW Build 3865809 on Sun May  7 15:05:29 MDT 2023
# IP Build 3864474 on Sun May  7 20:36:21 MDT 2023
# SharedData Build 3865790 on Sun May 07 13:33:03 MDT 2023
# Start of session at: Thu Feb  8 22:03:15 2024
# Process ID: 20256
# Current directory: C:/Users/marco/OneDrive/Desktop/Progetto_Finale_Copia2/AXI_and_merge
# Command line: vivado.exe -gui_launcher_event rodinguilauncherevent24416 C:\Users\marco\OneDrive\Desktop\Progetto_Finale_Copia2\AXI_and_merge\Only_AXI.xpr
# Log file: C:/Users/marco/OneDrive/Desktop/Progetto_Finale_Copia2/AXI_and_merge/vivado.log
# Journal file: C:/Users/marco/OneDrive/Desktop/Progetto_Finale_Copia2/AXI_and_merge\vivado.jou
# Running On: PC-di-Marco, OS: Windows, CPU Frequency: 2808 MHz, CPU Physical cores: 4, Host memory: 8469 MB
#-----------------------------------------------------------
start_gui
open_project C:/Users/marco/OneDrive/Desktop/Progetto_Finale_Copia2/AXI_and_merge/Only_AXI.xpr
update_compile_order -fileset sources_1
reset_run synth_1
launch_runs synth_1 -jobs 8
wait_on_run synth_1
launch_simulation -mode post-synthesis -type functional
open_wave_config C:/Users/marco/OneDrive/Desktop/Progetto_Finale_Copia2/AXI_and_merge/top_sim_behav.wcfg
source top_sim.tcl
run 100 ns
run 100 ns
run 100 ns
run 100 ns
run 100 ns
run 100 ns
run 100 ns
run 100 ns
run 100 ns
run 100 ns
run 100 ns
ipx::package_project -root_dir C:/Users/marco/OneDrive/Desktop/Progetto_Finale_Copia2/ip_repo -vendor xilinx.com -library user -taxonomy /UserIP -import_files -set_current false -archive_source_project true
ipx::unload_core c:/Users/marco/OneDrive/Desktop/Progetto_Finale_Copia2/ip_repo/component.xml
ipx::edit_ip_in_project -upgrade true -name tmp_edit_project -directory C:/Users/marco/OneDrive/Desktop/Progetto_Finale_Copia2/ip_repo c:/Users/marco/OneDrive/Desktop/Progetto_Finale_Copia2/ip_repo/component.xml
update_compile_order -fileset sources_1
set_property core_revision 2 [ipx::current_core]
ipx::update_source_project_archive -component [ipx::current_core] -include
ipx::create_xgui_files [ipx::current_core]
ipx::update_checksums [ipx::current_core]
ipx::check_integrity [ipx::current_core]
ipx::save_core [ipx::current_core]
ipx::check_integrity -quiet -xrt [ipx::current_core]
ipx::archive_core {c:\Users\marco\OneDrive\Desktop\Progetto_Finale_Copia2\ip_repo\xilinx.com_user_AXI_FIFO_1.0.zip} [ipx::current_core]
ipx::move_temp_component_back -component [ipx::current_core]
close_project -delete
update_ip_catalog -rebuild -repo_path c:/Users/marco/OneDrive/Desktop/Progetto_Finale_Copia2/ip_repo
close_sim
