#-----------------------------------------------------------
# Vivado v2023.1 (64-bit)
# SW Build 3865809 on Sun May  7 15:05:29 MDT 2023
# IP Build 3864474 on Sun May  7 20:36:21 MDT 2023
# SharedData Build 3865790 on Sun May 07 13:33:03 MDT 2023
# Start of session at: Sun Feb 11 18:47:31 2024
# Process ID: 19952
# Current directory: C:/Users/marco/Downloads/AXI_and_merge/AXI_and_merge/Project_with_LED/AXI_Merge_algorithm
# Command line: vivado.exe -gui_launcher_event rodinguilauncherevent14924 C:\Users\marco\Downloads\AXI_and_merge\AXI_and_merge\Project_with_LED\AXI_Merge_algorithm\AXI_Merge_algorithm.xpr
# Log file: C:/Users/marco/Downloads/AXI_and_merge/AXI_and_merge/Project_with_LED/AXI_Merge_algorithm/vivado.log
# Journal file: C:/Users/marco/Downloads/AXI_and_merge/AXI_and_merge/Project_with_LED/AXI_Merge_algorithm\vivado.jou
# Running On: PC-di-Marco, OS: Windows, CPU Frequency: 2808 MHz, CPU Physical cores: 4, Host memory: 8469 MB
#-----------------------------------------------------------
start_gui
open_project C:/Users/marco/Downloads/AXI_and_merge/AXI_and_merge/Project_with_LED/AXI_Merge_algorithm/AXI_Merge_algorithm.xpr
update_compile_order -fileset sources_1
